
Running 1 test using 1 worker

[1A[2K[1/1] [chromium] › tests\admin-auth.spec.ts:3:5 › Admin Auth Flow
[1A[2K[chromium] › tests\admin-auth.spec.ts:3:5 › Admin Auth Flow
Navigating to login...

[1A[2KFilling credentials...

[1A[2KSubmitting form...

[1A[2KWaiting for dashboard redirect...

[1A[2KDashboard reached!

[1A[2KNavigating to admin/codes via Navbar...

[1A[2KVerifying codes page URL...

[1A[2KChecking page content...

[1A[2KHeading not visible. Current page content:

[1A[2K<!DOCTYPE html><html lang="en"><head><link rel="preload" as="image" href="/logo.png"><link rel="stylesheet" href="/_next/static/chunks/156ffbf74094cc83.css" data-precedence="next"><link rel="stylesheet" href="/_next/static/chunks/a8042c216590205b.css" data-precedence="next"><link rel="preload" as="script" fetchpriority="low" href="/_next/static/chunks/5bcee453cc4bce6d.js"><script src="/_next/static/chunks/82abf2d65f5428ae.js" async=""></script><script src="/_next/static/chunks/f2f58a7e93290fbb.js" async=""></script><script src="/_next/static/chunks/d702a24e2b6c48fa.js" async=""></script><script src="/_next/static/chunks/turbopack-0df1acbb994b2a74.js" async=""></script><script src="/_next/static/chunks/ff1a16fafef87110.js" async=""></script><script src="/_next/static/chunks/10e6b5525379340a.js" async=""></script><script src="/_next/static/chunks/ed45056cd63ff570.js" async=""></script><script src="/_next/static/chunks/a6dad97d9634a72d.js" nomodule=""></script><link rel="preload" href="/_next/static/media/797e433ab948586e-s.p.dbea232f.woff2" as="font" crossorigin="" type="font/woff2"><link rel="preload" href="/_next/static/media/caa3a2e1cccd8315-s.p.853070df.woff2" as="font" crossorigin="" type="font/woff2"><script src="/_next/static/chunks/4eaf362fbd47b04a.js"></script><meta charset="utf-8"><meta name="viewport" content="width=device-width, initial-scale=1"><title>Login Admin | Desa Mekar Sawit</title><meta name="description" content="Temukan produk unggulan UMKM Desa Mekar Sawit. Belanja produk lokal berkualitas, dukung ekonomi desa."><link rel="icon" href="/favicon.ico?favicon.0b3bf435.ico" sizes="256x256" type="image/x-icon"><link rel="icon" href="/logo.png"><link rel="apple-touch-icon" href="/logo.png"><meta name="next-size-adjust" content=""><script src="/_next/static/chunks/4eaf362fbd47b04a.js" async=""></script></head><body class="geist_a71539c9-module__T19VSG__variable geist_mono_8d43a2aa-module__8Li5zG__variable antialiased"><!--$--><!--/$--><script src="/_next/static/chunks/5bcee453cc4bce6d.js" id="_R_" async=""></script><script>(self.__next_f=self.__next_f||[]).push([0])</script><script>self.__next_f.push([1,"1:\"$Sreact.fragment\"\n2:I[39756,[\"/_next/static/chunks/ff1a16fafef87110.js\",\"/_next/static/chunks/10e6b5525379340a.js\"],\"default\"]\n3:I[53536,[\"/_next/static/chunks/ff1a16fafef87110.js\",\"/_next/static/chunks/10e6b5525379340a.js\"],\"default\"]\n5:I[97367,[\"/_next/static/chunks/ff1a16fafef87110.js\",\"/_next/static/chunks/10e6b5525379340a.js\"],\"OutletBoundary\"]\n6:\"$Sreact.suspense\"\n8:I[97367,[\"/_next/static/chunks/ff1a16fafef87110.js\",\"/_next/static/chunks/10e6b5525379340a.js\"],\"ViewportBoundary\"]\na:I[97367,[\"/_next/static/chunks/ff1a16fafef87110.js\",\"/_next/static/chunks/10e6b5525379340a.js\"],\"MetadataBoundary\"]\nc:I[68027,[],\"default\"]\nd:I[27201,[\"/_next/static/chunks/ff1a16fafef87110.js\",\"/_next/static/chunks/10e6b5525379340a.js\"],\"IconMark\"]\n:HL[\"/_next/static/chunks/156ffbf74094cc83.css\",\"style\"]\n:HL[\"/_next/static/chunks/a8042c216590205b.css\",\"style\"]\n:HL[\"/_next/static/media/797e433ab948586e-s.p.dbea232f.woff2\",\"font\",{\"crossOrigin\":\"\",\"type\":\"font/woff2\"}]\n:HL[\"/_next/static/media/caa3a2e1cccd8315-s.p.853070df.woff2\",\"font\",{\"crossOrigin\":\"\",\"type\":\"font/woff2\"}]\n"])</script><script>self.__next_f.push([1,"0:{\"P\":null,\"b\":\"Cc0g3aoGjHV-5DUc016Ec\",\"c\":[\"\",\"admin\",\"dashboard\"],\"q\":\"\",\"i\":false,\"f\":[[[\"\",{\"children\":[\"admin\",{\"children\":[\"dashboard\",{\"children\":[\"__PAGE__\",{}]}]}]},\"$undefined\",\"$undefined\",true],[[\"$\",\"$1\",\"c\",{\"children\":[[[\"$\",\"link\",\"0\",{\"rel\":\"stylesheet\",\"href\":\"/_next/static/chunks/156ffbf74094cc83.css\",\"precedence\":\"next\",\"crossOrigin\":\"$undefined\",\"nonce\":\"$undefined\"}],[\"$\",\"link\",\"1\",{\"rel\":\"stylesheet\",\"href\":\"/_next/static/chunks/a8042c216590205b.css\",\"precedence\":\"next\",\"crossOrigin\":\"$undefined\",\"nonce\":\"$undefined\"}]],[\"$\",\"html\",null,{\"lang\":\"en\",\"children\":[\"$\",\"body\",null,{\"className\":\"geist_a71539c9-module__T19VSG__variable geist_mono_8d43a2aa-module__8Li5zG__variable antialiased\",\"children\":[\"$\",\"$L2\",null,{\"parallelRouterKey\":\"children\",\"error\":\"$undefined\",\"errorStyles\":\"$undefined\",\"errorScripts\":\"$undefined\",\"template\":[\"$\",\"$L3\",null,{}],\"templateStyles\":\"$undefined\",\"templateScripts\":\"$undefined\",\"notFound\":[[[\"$\",\"title\",null,{\"children\":\"404: This page could not be found.\"}],[\"$\",\"div\",null,{\"style\":{\"fontFamily\":\"system-ui,\\\"Segoe UI\\\",Roboto,Helvetica,Arial,sans-serif,\\\"Apple Color Emoji\\\",\\\"Segoe UI Emoji\\\"\",\"height\":\"100vh\",\"textAlign\":\"center\",\"display\":\"flex\",\"flexDirection\":\"column\",\"alignItems\":\"center\",\"justifyContent\":\"center\"},\"children\":[\"$\",\"div\",null,{\"children\":[[\"$\",\"style\",null,{\"dangerouslySetInnerHTML\":{\"__html\":\"body{color:#000;background:#fff;margin:0}.next-error-h1{border-right:1px solid rgba(0,0,0,.3)}@media (prefers-color-scheme:dark){body{color:#fff;background:#000}.next-error-h1{border-right:1px solid rgba(255,255,255,.3)}}\"}}],[\"$\",\"h1\",null,{\"className\":\"next-error-h1\",\"style\":{\"display\":\"inline-block\",\"margin\":\"0 20px 0 0\",\"padding\":\"0 23px 0 0\",\"fontSize\":24,\"fontWeight\":500,\"verticalAlign\":\"top\",\"lineHeight\":\"49px\"},\"children\":404}],[\"$\",\"div\",null,{\"style\":{\"display\":\"inline-block\"},\"children\":[\"$\",\"h2\",null,{\"style\":{\"fontSize\":14,\"fontWeight\":400,\"lineHeight\":\"49px\",\"margin\":0},\"children\":\"This page could not be found.\"}]}]]}]}]],[]],\"forbidden\":\"$undefined\",\"unauthorized\":\"$undefined\"}]}]}]]}],{\"children\":[[\"$\",\"$1\",\"c\",{\"children\":[null,[\"$\",\"$L2\",null,{\"parallelRouterKey\":\"children\",\"error\":\"$undefined\",\"errorStyles\":\"$undefined\",\"errorScripts\":\"$undefined\",\"template\":[\"$\",\"$L3\",null,{}],\"templateStyles\":\"$undefined\",\"templateScripts\":\"$undefined\",\"notFound\":\"$undefined\",\"forbidden\":\"$undefined\",\"unauthorized\":\"$undefined\"}]]}],{\"children\":[[\"$\",\"$1\",\"c\",{\"children\":[null,[\"$\",\"$L2\",null,{\"parallelRouterKey\":\"children\",\"error\":\"$undefined\",\"errorStyles\":\"$undefined\",\"errorScripts\":\"$undefined\",\"template\":[\"$\",\"$L3\",null,{}],\"templateStyles\":\"$undefined\",\"templateScripts\":\"$undefined\",\"notFound\":\"$undefined\",\"forbidden\":\"$undefined\",\"unauthorized\":\"$undefined\"}]]}],{\"children\":[[\"$\",\"$1\",\"c\",{\"children\":[\"$L4\",[[\"$\",\"script\",\"script-0\",{\"src\":\"/_next/static/chunks/ed45056cd63ff570.js\",\"async\":true,\"nonce\":\"$undefined\"}]],[\"$\",\"$L5\",null,{\"children\":[\"$\",\"$6\",null,{\"name\":\"Next.MetadataOutlet\",\"children\":\"$@7\"}]}]]}],{},null,false,false]},null,false,false]},null,false,false]},null,false,false],[\"$\",\"$1\",\"h\",{\"children\":[null,[\"$\",\"$L8\",null,{\"children\":\"$L9\"}],[\"$\",\"div\",null,{\"hidden\":true,\"children\":[\"$\",\"$La\",null,{\"children\":[\"$\",\"$6\",null,{\"name\":\"Next.Metadata\",\"children\":\"$Lb\"}]}]}],[\"$\",\"meta\",null,{\"name\":\"next-size-adjust\",\"content\":\"\"}]]}],false]],\"m\":\"$undefined\",\"G\":[\"$c\",[]],\"S\":false}\n"])</script><script>self.__next_f.push([1,"9:[[\"$\",\"meta\",\"0\",{\"charSet\":\"utf-8\"}],[\"$\",\"meta\",\"1\",{\"name\":\"viewport\",\"content\":\"width=device-width, initial-scale=1\"}]]\n7:null\nb:[[\"$\",\"title\",\"0\",{\"children\":\"Dashboard Admin | Desa Mekar Sawit\"}],[\"$\",\"meta\",\"1\",{\"name\":\"description\",\"content\":\"Temukan produk unggulan UMKM Desa Mekar Sawit. Belanja produk lokal berkualitas, dukung ekonomi desa.\"}],[\"$\",\"link\",\"2\",{\"rel\":\"icon\",\"href\":\"/favicon.ico?favicon.0b3bf435.ico\",\"sizes\":\"256x256\",\"type\":\"image/x-icon\"}],[\"$\",\"link\",\"3\",{\"rel\":\"icon\",\"href\":\"/logo.png\"}],[\"$\",\"link\",\"4\",{\"rel\":\"apple-touch-icon\",\"href\":\"/logo.png\"}],[\"$\",\"$Ld\",\"5\",{}]]\n"])</script><script>self.__next_f.push([1,"e:I[31847,[\"/_next/static/chunks/ed45056cd63ff570.js\"],\"default\"]\nf:I[22016,[\"/_next/static/chunks/ed45056cd63ff570.js\"],\"\"]\n"])</script><script>self.__next_f.push([1,"4:[\"$\",\"div\",null,{\"className\":\"min-h-screen bg-slate-50 font-sans text-slate-900\",\"children\":[[\"$\",\"$Le\",null,{}],[\"$\",\"main\",null,{\"className\":\"mx-auto max-w-7xl px-6 py-10\",\"children\":[[\"$\",\"div\",null,{\"className\":\"mb-10 text-center\",\"children\":[[\"$\",\"h2\",null,{\"className\":\"text-3xl font-bold text-slate-900\",\"children\":[\"Selamat Datang, \",\"Admin\",\"! 👋\"]}],[\"$\",\"p\",null,{\"className\":\"mt-2 text-slate-600\",\"children\":\"Berikut adalah ringkasan aktivitas dan panduan sistem Mekarsawit.\"}]]}],[\"$\",\"div\",null,{\"className\":\"mb-12 rounded-3xl bg-white p-8 shadow-sm border border-slate-100\",\"children\":[[\"$\",\"h3\",null,{\"className\":\"mb-6 text-lg font-bold text-slate-900\",\"children\":\"🔄 Alur Kerja Sistem\"}],[\"$\",\"div\",null,{\"className\":\"grid grid-cols-1 gap-4 md:grid-cols-5\",\"children\":[[\"$\",\"div\",\"0\",{\"className\":\"relative flex flex-col items-center text-center\",\"children\":[[\"$\",\"div\",null,{\"className\":\"mb-3 flex h-14 w-14 items-center justify-center rounded-2xl bg-slate-50 text-2xl text-emerald-600 shadow-sm ring-1 ring-slate-100\",\"children\":[\"$\",\"i\",null,{\"className\":\"bi bi-person-plus-fill\"}]}],[\"$\",\"h4\",null,{\"className\":\"font-bold text-slate-900\",\"children\":\"Warga Daftar\"}],[\"$\",\"p\",null,{\"className\":\"mt-1 text-xs text-slate-500\",\"children\":\"Warga membuat akun UMKM.\"}],\"$undefined\",[\"$\",\"div\",null,{\"className\":\"absolute top-7 -right-[50%] hidden h-0.5 w-full bg-slate-100 md:block\"}]]}],[\"$\",\"div\",\"1\",{\"className\":\"relative flex flex-col items-center text-center\",\"children\":[[\"$\",\"div\",null,{\"className\":\"mb-3 flex h-14 w-14 items-center justify-center rounded-2xl bg-slate-50 text-2xl text-emerald-600 shadow-sm ring-1 ring-slate-100\",\"children\":[\"$\",\"i\",null,{\"className\":\"bi bi-shop\"}]}],[\"$\",\"h4\",null,{\"className\":\"font-bold text-slate-900\",\"children\":\"Input Usaha\"}],[\"$\",\"p\",null,{\"className\":\"mt-1 text-xs text-slate-500\",\"children\":\"Warga mengisi profil usaha.\"}],\"$undefined\",[\"$\",\"div\",null,{\"className\":\"absolute top-7 -right-[50%] hidden h-0.5 w-full bg-slate-100 md:block\"}]]}],[\"$\",\"div\",\"2\",{\"className\":\"relative flex flex-col items-center text-center\",\"children\":[[\"$\",\"div\",null,{\"className\":\"mb-3 flex h-14 w-14 items-center justify-center rounded-2xl bg-slate-50 text-2xl text-emerald-600 shadow-sm ring-1 ring-slate-100\",\"children\":[\"$\",\"i\",null,{\"className\":\"bi bi-patch-check-fill\"}]}],[\"$\",\"h4\",null,{\"className\":\"font-bold text-slate-900\",\"children\":\"Verifikasi UMKM\"}],[\"$\",\"p\",null,{\"className\":\"mt-1 text-xs text-slate-500\",\"children\":\"Admin memvalidasi data usaha.\"}],[\"$\",\"$Lf\",null,{\"href\":\"/admin/pending\",\"className\":\"mt-3 rounded-full bg-emerald-50 px-3 py-1 text-xs font-bold text-emerald-700 hover:bg-emerald-100\",\"children\":\"Lihat Pending\"}],[\"$\",\"div\",null,{\"className\":\"absolute top-7 -right-[50%] hidden h-0.5 w-full bg-slate-100 md:block\"}]]}],[\"$\",\"div\",\"3\",{\"className\":\"relative flex flex-col items-center text-center\",\"children\":[[\"$\",\"div\",null,{\"className\":\"mb-3 flex h-14 w-14 items-center justify-center rounded-2xl bg-slate-50 text-2xl text-emerald-600 shadow-sm ring-1 ring-slate-100\",\"children\":[\"$\",\"i\",null,{\"className\":\"bi bi-box-seam\"}]}],[\"$\",\"h4\",null,{\"className\":\"font-bold text-slate-900\",\"children\":\"Upload Produk\"}],[\"$\",\"p\",null,{\"className\":\"mt-1 text-xs text-slate-500\",\"children\":\"UMKM menambah produk jualan.\"}],\"$undefined\",[\"$\",\"div\",null,{\"className\":\"absolute top-7 -right-[50%] hidden h-0.5 w-full bg-slate-100 md:block\"}]]}],[\"$\",\"div\",\"4\",{\"className\":\"relative flex flex-col items-center text-center\",\"children\":[[\"$\",\"div\",null,{\"className\":\"mb-3 flex h-14 w-14 items-center justify-center rounded-2xl bg-slate-50 text-2xl text-emerald-600 shadow-sm ring-1 ring-slate-100\",\"children\":[\"$\",\"i\",null,{\"className\":\"bi bi-bag-check-fill\"}]}],[\"$\",\"h4\",null,{\"className\":\"font-bold text-slate-900\",\"children\":\"Verifikasi Produk\"}],[\"$\",\"p\",null,{\"className\":\"mt-1 text-xs text-slate-500\",\"children\":\"Admin menyetujui produk tayang.\"}],[\"$\",\"$Lf\",null,{\"href\":\"/admin/products\",\"className\":\"mt-3 rounded-full bg-emerald-50 px-3 py-1 text-xs font-bold text-emerald-700 hover:bg-emerald-100\",\"children\":\"Lihat Produk\"}],false]}]]}]]}],\"$L10\",\"$L11\",\"$L12\",\"$L13\"]}]]}]\n"])</script><script>self.__next_f.push([1,"14:I[76104,[\"/_next/static/chunks/ed45056cd63ff570.js\"],\"default\"]\n10:[\"$\",\"div\",null,{\"className\":\"mb-6 flex items-center justify-between\",\"children\":[[\"$\",\"h3\",null,{\"className\":\"text-lg font-bold text-slate-900\",\"children\":\"Statistik Terkini\"}],[\"$\",\"$L14\",null,{}]]}]\n"])</script><script>self.__next_f.push([1,"11:[\"$\",\"div\",null,{\"className\":\"mb-12 grid gap-6 sm:grid-cols-2 lg:grid-cols-4\",\"children\":[[\"$\",\"div\",null,{\"className\":\"rounded-2xl bg-white p-6 shadow-sm border border-slate-100\",\"children\":[[\"$\",\"div\",null,{\"className\":\"mb-2 flex items-center justify-between\",\"children\":[[\"$\",\"span\",null,{\"className\":\"text-sm font-bold text-slate-500\",\"children\":\"Total UMKM Aktif\"}],[\"$\",\"i\",null,{\"className\":\"bi bi-shop text-xl text-emerald-500\"}]]}],[\"$\",\"p\",null,{\"className\":\"text-3xl font-bold text-slate-900\",\"children\":3}]]}],[\"$\",\"div\",null,{\"className\":\"rounded-2xl bg-white p-6 shadow-sm border border-slate-100\",\"children\":[[\"$\",\"div\",null,{\"className\":\"mb-2 flex items-center justify-between\",\"children\":[[\"$\",\"span\",null,{\"className\":\"text-sm font-bold text-slate-500\",\"children\":\"Produk Tayang\"}],[\"$\",\"i\",null,{\"className\":\"bi bi-box-seam text-xl text-blue-500\"}]]}],[\"$\",\"p\",null,{\"className\":\"text-3xl font-bold text-slate-900\",\"children\":1}]]}],[\"$\",\"$Lf\",null,{\"href\":\"/admin/pending\",\"className\":\"group rounded-2xl bg-orange-50 p-6 ring-1 ring-orange-100 transition hover:bg-orange-100\",\"children\":[[\"$\",\"div\",null,{\"className\":\"mb-2 flex items-center justify-between\",\"children\":[[\"$\",\"span\",null,{\"className\":\"text-sm font-bold text-orange-700\",\"children\":\"Pending UMKM\"}],[\"$\",\"i\",null,{\"className\":\"bi bi-exclamation-circle-fill text-xl text-orange-500\"}]]}],[\"$\",\"p\",null,{\"className\":\"text-3xl font-bold text-orange-900\",\"children\":0}],[\"$\",\"span\",null,{\"className\":\"mt-2 inline-block text-xs font-medium text-orange-600 group-hover:underline\",\"children\":\"Perlu Verifikasi →\"}]]}],[\"$\",\"$Lf\",null,{\"href\":\"/admin/products\",\"className\":\"group rounded-2xl bg-purple-50 p-6 ring-1 ring-purple-100 transition hover:bg-purple-100\",\"children\":[[\"$\",\"div\",null,{\"className\":\"mb-2 flex items-center justify-between\",\"children\":[[\"$\",\"span\",null,{\"className\":\"text-sm font-bold text-purple-700\",\"children\":\"Pending Produk\"}],[\"$\",\"i\",null,{\"className\":\"bi bi-tags-fill text-xl text-purple-500\"}]]}],[\"$\",\"p\",null,{\"className\":\"text-3xl font-bold text-purple-900\",\"children\":4}],[\"$\",\"span\",null,{\"className\":\"mt-2 inline-block text-xs font-medium text-purple-600 group-hover:underline\",\"children\":\"Perlu Verifikasi →\"}]]}]]}]\n"])</script><script>self.__next_f.push([1,"12:[\"$\",\"h3\",null,{\"className\":\"mb-6 text-lg font-bold text-slate-900\",\"children\":\"Aksi Cepat\"}]\n"])</script><script>self.__next_f.push([1,"13:[\"$\",\"div\",null,{\"className\":\"grid gap-6 sm:grid-cols-3\",\"children\":[[\"$\",\"$Lf\",null,{\"href\":\"/admin/pending\",\"className\":\"flex items-center gap-4 rounded-2xl bg-white p-6 shadow-sm ring-1 ring-slate-100 transition hover:-translate-y-1 hover:shadow-md\",\"children\":[[\"$\",\"div\",null,{\"className\":\"flex h-12 w-12 items-center justify-center rounded-xl bg-emerald-100 text-emerald-600\",\"children\":[\"$\",\"i\",null,{\"className\":\"bi bi-check-lg text-2xl\"}]}],[\"$\",\"div\",null,{\"children\":[[\"$\",\"h4\",null,{\"className\":\"font-bold text-slate-900\",\"children\":\"Verifikasi UMKM\"}],[\"$\",\"p\",null,{\"className\":\"text-xs text-slate-500\",\"children\":\"Validasi pendaftar baru\"}]]}]]}],[\"$\",\"$Lf\",null,{\"href\":\"/admin/products\",\"className\":\"flex items-center gap-4 rounded-2xl bg-white p-6 shadow-sm ring-1 ring-slate-100 transition hover:-translate-y-1 hover:shadow-md\",\"children\":[[\"$\",\"div\",null,{\"className\":\"flex h-12 w-12 items-center justify-center rounded-xl bg-blue-100 text-blue-600\",\"children\":[\"$\",\"i\",null,{\"className\":\"bi bi-bag-check text-2xl\"}]}],[\"$\",\"div\",null,{\"children\":[[\"$\",\"h4\",null,{\"className\":\"font-bold text-slate-900\",\"children\":\"Verifikasi Produk\"}],[\"$\",\"p\",null,{\"className\":\"text-xs text-slate-500\",\"children\":\"Cek produk sebelum tayang\"}]]}]]}],[\"$\",\"$Lf\",null,{\"href\":\"/admin/users\",\"className\":\"flex items-center gap-4 rounded-2xl bg-white p-6 shadow-sm ring-1 ring-slate-100 transition hover:-translate-y-1 hover:shadow-md\",\"children\":[[\"$\",\"div\",null,{\"className\":\"flex h-12 w-12 items-center justify-center rounded-xl bg-slate-100 text-slate-600\",\"children\":[\"$\",\"i\",null,{\"className\":\"bi bi-people text-2xl\"}]}],[\"$\",\"div\",null,{\"children\":[[\"$\",\"h4\",null,{\"className\":\"font-bold text-slate-900\",\"children\":\"Kelola User\"}],[\"$\",\"p\",null,{\"className\":\"text-xs text-slate-500\",\"children\":\"Lihat semua pengguna\"}]]}]]}]]}]\n"])</script><next-route-announcer style="position: absolute;"></next-route-announcer><div hidden=""></div><div class="min-h-screen flex items-center justify-center bg-slate-50 px-4"><div class="w-full max-w-md rounded-3xl bg-white p-8 shadow-xl shadow-slate-200"><div class="text-center mb-8"><div class="mx-auto mb-4 flex h-20 w-20 items-center justify-center overflow-hidden rounded-2xl bg-white p-2 shadow-lg shadow-emerald-500/10 border border-emerald-100/50"><img alt="Logo Desa Mekar Sawit" class="h-full w-full object-contain" src="/logo.png"></div><h1 class="text-2xl font-bold text-slate-900">Login Admin</h1><p class="text-slate-500">Panel khusus petugas desa.</p></div><form class="space-y-5"><div><label class="mb-1 block text-sm font-bold text-slate-700">Email Admin</label><div class="relative"><i class="bi bi-envelope absolute left-4 top-3 text-slate-400"></i><input required="" placeholder="admin@desa.id" class="w-full rounded-xl border border-slate-200 bg-slate-50 px-4 py-3 text-sm font-medium text-slate-900 outline-none ring-emerald-500/30 transition-all focus:border-emerald-500 focus:bg-white focus:ring-4 pl-11 " type="email" value=""></div></div><div><label class="mb-1 block text-sm font-bold text-slate-700">Password</label><div class="relative"><i class="bi bi-lock absolute left-4 top-3 text-slate-400"></i><input required="" placeholder="Masukkan password" class="w-full rounded-xl border border-slate-200 bg-slate-50 px-4 py-3 text-sm font-medium text-slate-900 outline-none ring-emerald-500/30 transition-all focus:border-emerald-500 focus:bg-white focus:ring-4 pl-11 pr-11" type="password" value=""><button type="button" class="absolute right-4 top-3 hover:text-slate-600"><i class="bi bi-eye text-slate-400"></i></button></div></div><button type="submit" class="w-full rounded-xl bg-emerald-700 py-3.5 text-sm font-bold text-white shadow-lg shadow-emerald-700/20 transition-all hover:-translate-y-0.5 hover:bg-emerald-800 disabled:opacity-70 disabled:hover:translate-y-0">Masuk Panel Admin</button></form><div class="mt-8 text-center text-sm"><a class="font-bold text-emerald-700 hover:underline" href="/">← Kembali ke Beranda</a></div></div></div></body></html>

[1A[2K  1) [chromium] › tests\admin-auth.spec.ts:3:5 › Admin Auth Flow ───────────────────────────────────

    Error: [2mexpect([22m[31mlocator[39m[2m).[22mtoBeVisible[2m([22m[2m)[22m failed

    Locator: getByRole('heading', { name: 'Kelola Kode Akses Desa' })
    Expected: visible
    Timeout: 15000ms
    Error: element(s) not found

    Call log:
    [2m  - Expect "toBeVisible" with timeout 15000ms[22m
    [2m  - waiting for getByRole('heading', { name: 'Kelola Kode Akses Desa' })[22m


      38 |     await expect(
      39 |       page.getByRole("heading", { name: "Kelola Kode Akses Desa" }),
    > 40 |     ).toBeVisible({ timeout: 15000 });
         |       ^
      41 |   } catch (e) {
      42 |     console.log("Heading not visible. Current page content:");
      43 |     console.log(await page.content());
        at D:\projects\mekarsawit-umkm-web\tests\admin-auth.spec.ts:40:7

    Error Context: test-results\admin-auth-Admin-Auth-Flow-chromium\error-context.md


[1A[2K  1 failed
    [chromium] › tests\admin-auth.spec.ts:3:5 › Admin Auth Flow ────────────────────────────────────
